[    0.000000] Initializing cgroup subsys cpuset
[    0.000000] Initializing cgroup subsys cpu
[    0.000000] Initializing cgroup subsys cpuacct
[    0.000000] Linux version 4.4.0-193-generic (buildd@lgw01-amd64-024) (gcc version 5.4.0 20160609 (Ubuntu 5.4.0-6ubuntu1~16.04.12) ) #224-Ubuntu SMP Tue Oct 6 17:15:28 UTC 2020 (Ubuntu 4.4.0-193.224-generic 4.4.236)
[    0.000000] Command line: BOOT_IMAGE=/boot/vmlinuz-4.4.0-193-generic root=LABEL=cloudimg-rootfs ro console=tty1 console=ttyS0
[    0.000000] KERNEL supported cpus:
[    0.000000]   Intel GenuineIntel
[    0.000000]   AMD AuthenticAMD
[    0.000000]   Centaur CentaurHauls
[    0.000000] x86/fpu: Legacy x87 FPU detected.
[    0.000000] e820: BIOS-provided physical RAM map:
[    0.000000] BIOS-e820: [mem 0x0000000000000000-0x000000000009fbff] usable
[    0.000000] BIOS-e820: [mem 0x000000000009fc00-0x000000000009ffff] reserved
[    0.000000] BIOS-e820: [mem 0x00000000000f0000-0x00000000000fffff] reserved
[    0.000000] BIOS-e820: [mem 0x0000000000100000-0x000000003ffeffff] usable
[    0.000000] BIOS-e820: [mem 0x000000003fff0000-0x000000003fffffff] ACPI data
[    0.000000] BIOS-e820: [mem 0x00000000fec00000-0x00000000fec00fff] reserved
[    0.000000] BIOS-e820: [mem 0x00000000fee00000-0x00000000fee00fff] reserved
[    0.000000] BIOS-e820: [mem 0x00000000fffc0000-0x00000000ffffffff] reserved
[    0.000000] NX (Execute Disable) protection: active
[    0.000000] SMBIOS 2.5 present.
[    0.000000] Hypervisor detected: KVM
[    0.000000] e820: last_pfn = 0x3fff0 max_arch_pfn = 0x400000000
[    0.000000] MTRR: Disabled
[    0.000000] x86/PAT: MTRRs disabled, skipping PAT initialization too.
[    0.000000] CPU MTRRs all blank - virtualized system.
[    0.000000] x86/PAT: Configuration [0-7]: WB  WT  UC- UC  WB  WT  UC- UC  
[    0.000000] found SMP MP-table at [mem 0x0009fff0-0x0009ffff] mapped at [ffff88000009fff0]
[    0.000000] Scanning 1 areas for low memory corruption
[    0.000000] RAMDISK: [mem 0x361be000-0x370d6fff]
[    0.000000] ACPI: Early table checksum verification disabled
[    0.000000] ACPI: RSDP 0x00000000000E0000 000024 (v02 VBOX  )
[    0.000000] ACPI: XSDT 0x000000003FFF0030 00003C (v01 VBOX   VBOXXSDT 00000001 ASL  00000061)
[    0.000000] ACPI: FACP 0x000000003FFF00F0 0000F4 (v04 VBOX   VBOXFACP 00000001 ASL  00000061)
[    0.000000] ACPI: DSDT 0x000000003FFF0470 002325 (v02 VBOX   VBOXBIOS 00000002 INTL 20100528)
[    0.000000] ACPI: FACS 0x000000003FFF0200 000040
[    0.000000] ACPI: FACS 0x000000003FFF0200 000040
[    0.000000] ACPI: APIC 0x000000003FFF0240 00005C (v02 VBOX   VBOXAPIC 00000001 ASL  00000061)
[    0.000000] ACPI: SSDT 0x000000003FFF02A0 0001CC (v01 VBOX   VBOXCPUT 00000002 INTL 20100528)
[    0.000000] No NUMA configuration found
[    0.000000] Faking a node at [mem 0x0000000000000000-0x000000003ffeffff]
[    0.000000] NODE_DATA(0) allocated [mem 0x3ffeb000-0x3ffeffff]
[    0.000000] kvm-clock: Using msrs 4b564d01 and 4b564d00
[    0.000000] kvm-clock: cpu 0, msr 0:3ffe3001, primary cpu clock
[    0.000000] kvm-clock: using sched offset of 4445094036 cycles
[    0.000000] clocksource: kvm-clock: mask: 0xffffffffffffffff max_cycles: 0x1cd42e4dffb, max_idle_ns: 881590591483 ns
[    0.000000] Zone ranges:
[    0.000000]   DMA      [mem 0x0000000000001000-0x0000000000ffffff]
[    0.000000]   DMA32    [mem 0x0000000001000000-0x000000003ffeffff]
[    0.000000]   Normal   empty
[    0.000000]   Device   empty
[    0.000000] Movable zone start for each node
[    0.000000] Early memory node ranges
[    0.000000]   node   0: [mem 0x0000000000001000-0x000000000009efff]
[    0.000000]   node   0: [mem 0x0000000000100000-0x000000003ffeffff]
[    0.000000] Initmem setup node 0 [mem 0x0000000000001000-0x000000003ffeffff]
[    0.000000] ACPI: PM-Timer IO Port: 0x4008
[    0.000000] IOAPIC[0]: apic_id 2, version 32, address 0xfec00000, GSI 0-23
[    0.000000] ACPI: INT_SRC_OVR (bus 0 bus_irq 0 global_irq 2 dfl dfl)
[    0.000000] ACPI: INT_SRC_OVR (bus 0 bus_irq 9 global_irq 9 low level)
[    0.000000] Using ACPI (MADT) for SMP configuration information
[    0.000000] smpboot: Allowing 2 CPUs, 0 hotplug CPUs
[    0.000000] PM: Registered nosave memory: [mem 0x00000000-0x00000fff]
[    0.000000] PM: Registered nosave memory: [mem 0x0009f000-0x0009ffff]
[    0.000000] PM: Registered nosave memory: [mem 0x000a0000-0x000effff]
[    0.000000] PM: Registered nosave memory: [mem 0x000f0000-0x000fffff]
[    0.000000] e820: [mem 0x40000000-0xfebfffff] available for PCI devices
[    0.000000] Booting paravirtualized kernel on KVM
[    0.000000] clocksource: refined-jiffies: mask: 0xffffffff max_cycles: 0xffffffff, max_idle_ns: 7645519600211568 ns
[    0.000000] setup_percpu: NR_CPUS:512 nr_cpumask_bits:512 nr_cpu_ids:2 nr_node_ids:1
[    0.000000] PERCPU: Embedded 33 pages/cpu @ffff88003fc00000 s95512 r8192 d31464 u1048576
[    0.000000] Built 1 zonelists in Node order, mobility grouping on.  Total pages: 257912
[    0.000000] Policy zone: DMA32
[    0.000000] Kernel command line: BOOT_IMAGE=/boot/vmlinuz-4.4.0-193-generic root=LABEL=cloudimg-rootfs ro console=tty1 console=ttyS0
[    0.000000] PID hash table entries: 4096 (order: 3, 32768 bytes)
[    0.000000] Memory: 997084K/1048120K available (8640K kernel code, 1337K rwdata, 4040K rodata, 1492K init, 1296K bss, 51036K reserved, 0K cma-reserved)
[    0.000000] SLUB: HWalign=64, Order=0-3, MinObjects=0, CPUs=2, Nodes=1
[    0.000000] Kernel/User page tables isolation: enabled
[    0.000000] Hierarchical RCU implementation.
[    0.000000] 	Build-time adjustment of leaf fanout to 64.
[    0.000000] 	RCU restricting CPUs from NR_CPUS=512 to nr_cpu_ids=2.
[    0.000000] RCU: Adjusting geometry for rcu_fanout_leaf=64, nr_cpu_ids=2
[    0.000000] NR_IRQS:33024 nr_irqs:440 16
[    0.000000] Console: colour VGA+ 80x25
[    0.000000] console [tty1] enabled
[    0.000000] console [ttyS0] enabled
[    0.000000] tsc: Detected 2660.014 MHz processor
[    0.208725] Calibrating delay loop (skipped) preset value.. 5320.02 BogoMIPS (lpj=10640056)
[    0.211261] pid_max: default: 32768 minimum: 301
[    0.213164] ACPI: Core revision 20150930
[    0.216050] ACPI: 2 ACPI AML tables successfully acquired and loaded
[    0.218304] Security Framework initialized
[    0.219875] Yama: becoming mindful.
[    0.221582] AppArmor: AppArmor initialized
[    0.223135] Dentry cache hash table entries: 131072 (order: 8, 1048576 bytes)
[    0.229697] Inode-cache hash table entries: 65536 (order: 7, 524288 bytes)
[    0.231919] Mount-cache hash table entries: 2048 (order: 2, 16384 bytes)
[    0.234048] Mountpoint-cache hash table entries: 2048 (order: 2, 16384 bytes)
[    0.236472] Initializing cgroup subsys io
[    0.238109] Initializing cgroup subsys memory
[    0.240153] Initializing cgroup subsys devices
[    0.241475] Initializing cgroup subsys freezer
[    0.242922] Initializing cgroup subsys net_cls
[    0.244467] Initializing cgroup subsys perf_event
[    0.245856] Initializing cgroup subsys net_prio
[    0.247230] Initializing cgroup subsys hugetlb
[    0.248922] Initializing cgroup subsys pids
[    0.250388] mce: CPU supports 0 MCE banks
[    0.251929] Last level iTLB entries: 4KB 512, 2MB 7, 4MB 7
[    0.253706] Last level dTLB entries: 4KB 512, 2MB 32, 4MB 32, 1GB 0
[    0.255687] Spectre V1 : Mitigation: usercopy/swapgs barriers and __user pointer sanitization
[    0.258933] Spectre V2 : Mitigation: Full generic retpoline
[    0.261008] Spectre V2 : Spectre v2 / SpectreRSB mitigation: Filling RSB on context switch
[    0.263017] Speculative Store Bypass: Vulnerable
[    0.264690] MDS: Vulnerable: Clear CPU buffers attempted, no microcode
[    0.270543] Freeing SMP alternatives memory: 36K
[    0.280630] ftrace: allocating 32346 entries in 127 pages
[    0.361936] smpboot: APIC(0) Converting physical 0 to logical package 0
[    0.363406] smpboot: Max logical packages: 1
[    0.365409] x2apic enabled
[    0.366682] Switched APIC routing to physical x2apic.
[    0.369546] ..TIMER: vector=0x30 apic1=0 pin1=2 apic2=-1 pin2=-1
[    0.479368] smpboot: CPU0: Intel(R) Core(TM) i5 CPU       M 560  @ 2.67GHz (family: 0x6, model: 0x25, stepping: 0x5)
[    0.482160] Performance Events: unsupported p6 CPU model 37 no PMU driver, software events only.
[    0.497859] KVM setup paravirtual spinlock
[    0.500162] x86: Booting SMP configuration:
[    0.501212] .... node  #0, CPUs:      #1
[    0.503230] kvm-clock: cpu 1, msr 0:3ffe3041, secondary cpu clock
[    0.504799] mce: CPU supports 0 MCE banks
[    0.507658] x86: Booted up 1 node, 2 CPUs
[    0.509427] smpboot: Total of 2 processors activated (10640.05 BogoMIPS)
[    0.511815] devtmpfs: initialized
[    0.514968] evm: security.selinux
[    0.516137] evm: security.SMACK64
[    0.517224] evm: security.SMACK64EXEC
[    0.518496] evm: security.SMACK64TRANSMUTE
[    0.519997] evm: security.SMACK64MMAP
[    0.520989] evm: security.ima
[    0.521876] evm: security.capability
[    0.523416] clocksource: jiffies: mask: 0xffffffff max_cycles: 0xffffffff, max_idle_ns: 7645041785100000 ns
[    0.525794] futex hash table entries: 512 (order: 3, 32768 bytes)
[    0.527448] pinctrl core: initialized pinctrl subsystem
[    0.529269] RTC time: 16:12:15, date: 01/14/21
[    0.530860] NET: Registered protocol family 16
[    0.548873] cpuidle: using governor ladder
[    0.560305] cpuidle: using governor menu
[    0.561326] PCCT header not found.
[    0.562713] ACPI: bus type PCI registered
[    0.563796] acpiphp: ACPI Hot Plug PCI Controller Driver version: 0.5
[    0.565652] PCI: Using configuration type 1 for base access
[    0.581453] ACPI: Added _OSI(Module Device)
[    0.582985] ACPI: Added _OSI(Processor Device)
[    0.584689] ACPI: Added _OSI(3.0 _SCP Extensions)
[    0.588427] ACPI: Added _OSI(Processor Aggregator Device)
[    0.591492] ACPI: Executed 1 blocks of module-level executable AML code
[    0.601184] ACPI: Interpreter enabled
[    0.603188] ACPI: (supports S0 S5)
[    0.604510] ACPI: Using IOAPIC for interrupt routing
[    0.606221] PCI: Using host bridge windows from ACPI; if necessary, use "pci=nocrs" and report a bug
[    0.614833] ACPI: PCI Root Bridge [PCI0] (domain 0000 [bus 00-ff])
[    0.616524] acpi PNP0A03:00: _OSC: OS supports [ASPM ClockPM Segments MSI]
[    0.618538] acpi PNP0A03:00: _OSC: not requesting OS control; OS requires [ExtendedConfig ASPM ClockPM MSI]
[    0.621878] acpi PNP0A03:00: fail to add MMCONFIG information, can't access extended PCI configuration space under this bridge.
[    0.625152] PCI host bridge to bus 0000:00
[    0.626252] pci_bus 0000:00: root bus resource [io  0x0000-0x0cf7 window]
[    0.627660] pci_bus 0000:00: root bus resource [io  0x0d00-0xffff window]
[    0.629202] pci_bus 0000:00: root bus resource [mem 0x000a0000-0x000bffff window]
[    0.631111] pci_bus 0000:00: root bus resource [mem 0x40000000-0xfdffffff window]
[    0.633213] pci_bus 0000:00: root bus resource [bus 00-ff]
[    0.637429] pci 0000:00:01.1: legacy IDE quirk: reg 0x10: [io  0x01f0-0x01f7]
[    0.639209] pci 0000:00:01.1: legacy IDE quirk: reg 0x14: [io  0x03f6]
[    0.640899] pci 0000:00:01.1: legacy IDE quirk: reg 0x18: [io  0x0170-0x0177]
[    0.642501] pci 0000:00:01.1: legacy IDE quirk: reg 0x1c: [io  0x0376]
[    0.676406] pci 0000:00:07.0: quirk: [io  0x4000-0x403f] claimed by PIIX4 ACPI
[    0.678217] pci 0000:00:07.0: quirk: [io  0x4100-0x410f] claimed by PIIX4 SMB
[    0.692423] ACPI: PCI Interrupt Link [LNKA] (IRQs 5 9 10 *11)
[    0.694647] ACPI: PCI Interrupt Link [LNKB] (IRQs 5 9 *10 11)
[    0.696549] ACPI: PCI Interrupt Link [LNKC] (IRQs 5 *9 10 11)
[    0.710469] ACPI: PCI Interrupt Link [LNKD] (IRQs 5 9 10 *11)
[    0.712616] ACPI: Enabled 2 GPEs in block 00 to 07
[    0.714366] vgaarb: setting as boot device: PCI:0000:00:02.0
[    0.715575] vgaarb: device added: PCI:0000:00:02.0,decodes=io+mem,owns=io+mem,locks=none
[    0.717645] vgaarb: loaded
[    0.718519] vgaarb: bridge control possible 0000:00:02.0
[    0.720823] SCSI subsystem initialized
[    0.722554] ACPI: bus type USB registered
[    0.723562] usbcore: registered new interface driver usbfs
[    0.725314] usbcore: registered new interface driver hub
[    0.727263] usbcore: registered new device driver usb
[    0.729185] PCI: Using ACPI for IRQ routing
[    0.734227] NetLabel: Initializing
[    0.735122] NetLabel:  domain hash size = 128
[    0.736751] NetLabel:  protocols = UNLABELED CIPSOv4
[    0.738277] NetLabel:  unlabeled traffic allowed by default
[    0.739858] amd_nb: Cannot enumerate AMD northbridges
[    0.741272] clocksource: Switched to clocksource kvm-clock
[    0.758200] AppArmor: AppArmor Filesystem Enabled
[    0.759740] pnp: PnP ACPI init
[    0.761853] pnp: PnP ACPI: found 3 devices
[    0.774019] clocksource: acpi_pm: mask: 0xffffff max_cycles: 0xffffff, max_idle_ns: 2085701024 ns
[    0.776328] NET: Registered protocol family 2
[    0.777819] TCP established hash table entries: 8192 (order: 4, 65536 bytes)
[    0.779430] TCP bind hash table entries: 8192 (order: 5, 131072 bytes)
[    0.781165] TCP: Hash tables configured (established 8192 bind 8192)
[    0.782819] UDP hash table entries: 512 (order: 2, 16384 bytes)
[    0.784268] UDP-Lite hash table entries: 512 (order: 2, 16384 bytes)
[    0.785763] NET: Registered protocol family 1
[    0.787404] pci 0000:00:00.0: Limiting direct PCI/PCI transfers
[    0.789085] pci 0000:00:01.0: Activating ISA DMA hang workarounds
[    0.790890] Unpacking initramfs...
[    1.144060] Freeing initrd memory: 15460K
[    1.145520] clocksource: tsc: mask: 0xffffffffffffffff max_cycles: 0x2657b0ec2f7, max_idle_ns: 440795203541 ns
[    1.147872] platform rtc_cmos: registered platform RTC device (no PNP device found)
[    1.149971] Scanning for low memory corruption every 60 seconds
[    1.151856] audit: initializing netlink subsys (disabled)
[    1.153444] audit: type=2000 audit(1610640742.678:1): initialized
[    1.155105] Initialise system trusted keyring
[    1.156291] HugeTLB registered 2 MB page size, pre-allocated 0 pages
[    1.159114] zbud: loaded
[    1.160325] VFS: Disk quotas dquot_6.6.0
[    1.161326] VFS: Dquot-cache hash table entries: 512 (order 0, 4096 bytes)
[    1.162993] squashfs: version 4.0 (2009/01/31) Phillip Lougher
[    1.164632] fuse init (API version 7.23)
[    1.165845] Key type big_key registered
[    1.166778] Allocating IMA MOK and blacklist keyrings.
[    1.170133] Key type asymmetric registered
[    1.171118] Asymmetric key parser 'x509' registered
[    1.172242] Block layer SCSI generic (bsg) driver version 0.4 loaded (major 249)
[    1.174038] io scheduler noop registered
[    1.175097] io scheduler deadline registered (default)
[    1.176265] io scheduler cfq registered
[    1.177460] pci_hotplug: PCI Hot Plug PCI Core version: 0.5
[    1.178802] pciehp: PCI Express Hot Plug Controller Driver version: 0.4
[    1.180348] ACPI: AC Adapter [AC] (on-line)
[    1.181376] input: Power Button as /devices/LNXSYSTM:00/LNXPWRBN:00/input/input0
[    1.183212] ACPI: Power Button [PWRF]
[    1.184233] input: Sleep Button as /devices/LNXSYSTM:00/LNXSLPBN:00/input/input1
[    1.186263] ACPI: Sleep Button [SLPF]
[    1.187778] GHES: HEST is not enabled!
[    1.189010] ACPI: Battery Slot [BAT0] (battery present)
[    1.190700] Serial: 8250/16550 driver, 32 ports, IRQ sharing enabled
[    1.212930] 00:02: ttyS0 at I/O 0x3f8 (irq = 4, base_baud = 115200) is a 16550A
[    1.218054] Linux agpgart interface v0.103
[    1.225091] loop: module loaded
[    1.226792] scsi host0: ata_piix
[    1.227812] scsi host1: ata_piix
[    1.228805] ata1: PATA max UDMA/33 cmd 0x1f0 ctl 0x3f6 bmdma 0xd000 irq 14
[    1.230270] ata2: PATA max UDMA/33 cmd 0x170 ctl 0x376 bmdma 0xd008 irq 15
[    1.231809] libphy: Fixed MDIO Bus: probed
[    1.232902] tun: Universal TUN/TAP device driver, 1.6
[    1.234170] tun: (C) 1999-2004 Max Krasnyansky <maxk@qualcomm.com>
[    1.235656] PPP generic driver version 2.4.2
[    1.237175] ehci_hcd: USB 2.0 'Enhanced' Host Controller (EHCI) Driver
[    1.238796] ehci-pci: EHCI PCI platform driver
[    1.239904] ehci-platform: EHCI generic platform driver
[    1.241134] ohci_hcd: USB 1.1 'Open' Host Controller (OHCI) Driver
[    1.242493] ohci-pci: OHCI PCI platform driver
[    1.243499] ohci-platform: OHCI generic platform driver
[    1.244623] uhci_hcd: USB Universal Host Controller Interface driver
[    1.246078] i8042: PNP: PS/2 Controller [PNP0303:PS2K,PNP0f03:PS2M] at 0x60,0x64 irq 1,12
[    1.248410] serio: i8042 KBD port at 0x60,0x64 irq 1
[    1.249527] serio: i8042 AUX port at 0x60,0x64 irq 12
[    1.250948] mousedev: PS/2 mouse device common for all mice
[    1.252938] input: AT Translated Set 2 keyboard as /devices/platform/i8042/serio0/input/input2
[    1.255990] rtc_cmos rtc_cmos: rtc core: registered rtc_cmos as rtc0
[    1.257402] rtc_cmos rtc_cmos: alarms up to one day, 114 bytes nvram
[    1.258841] i2c /dev entries driver
[    1.259775] device-mapper: uevent: version 1.0.3
[    1.260945] device-mapper: ioctl: 4.34.0-ioctl (2015-10-28) initialised: dm-devel@redhat.com
[    1.262909] ledtrig-cpu: registered to indicate activity on CPUs
[    1.264639] NET: Registered protocol family 10
[    1.265973] NET: Registered protocol family 17
[    1.267010] Key type dns_resolver registered
[    1.268512] registered taskstats version 1
[    1.269879] Loading compiled-in X.509 certificates
[    1.272057] Loaded X.509 cert 'Build time autogenerated kernel key: 399ad61e9457a71f6b31060684c17f14836880c9'
[    1.274567] zswap: loaded using pool lzo/zbud
[    1.278851] Key type trusted registered
[    1.285384] Key type encrypted registered
[    1.286711] AppArmor: AppArmor sha1 policy hashing enabled
[    1.287919] ima: No TPM chip found, activating TPM-bypass!
[    1.289236] ima: Allocated hash algorithm: sha1
[    1.290375] evm: HMAC attrs: 0x1
[    1.291743]   Magic number: 5:884:236
[    1.292649] rtc_cmos rtc_cmos: hash matches
[    1.294612] rtc_cmos rtc_cmos: setting system clock to 2021-01-14 16:12:16 UTC (1610640736)
[    1.298868] BIOS EDD facility v0.16 2004-Jun-25, 0 devices found
[    1.300190] EDD information not available.
[    1.417906] Freeing unused kernel memory: 1492K
[    1.419692] Write protecting the kernel read-only data: 14336k
[    1.422115] Freeing unused kernel memory: 1588K
[    1.423852] Freeing unused kernel memory: 56K
Loading, please wait...
starting version 229
[    1.449848] random: systemd-udevd: uninitialized urandom read (16 bytes read, 2 bits of entropy available)
[    1.450823] random: udevadm: uninitialized urandom read (16 bytes read, 2 bits of entropy available)
[    1.450857] random: udevadm: uninitialized urandom read (16 bytes read, 2 bits of entropy available)
[    1.459708] random: systemd-udevd: uninitialized urandom read (16 bytes read, 2 bits of entropy available)
[    1.462584] random: systemd-udevd: uninitialized urandom read (16 bytes read, 2 bits of entropy available)
[    1.465255] random: systemd-udevd: uninitialized urandom read (16 bytes read, 2 bits of entropy available)
[    1.469865] random: udevadm: uninitialized urandom read (16 bytes read, 2 bits of entropy available)
[    1.469940] random: udevadm: uninitialized urandom read (16 bytes read, 2 bits of entropy available)
[    1.470192] random: udevadm: uninitialized urandom read (16 bytes read, 2 bits of entropy available)
[    1.470319] random: udevadm: uninitialized urandom read (16 bytes read, 2 bits of entropy available)
[    1.559572] e1000: Intel(R) PRO/1000 Network Driver - version 7.3.21-k8-NAPI
[    1.561528] e1000: Copyright (c) 1999-2006 Intel Corporation.
[    1.602099] Fusion MPT base driver 3.04.20
[    1.603817] Copyright (c) 1999-2008 LSI Corporation
[    1.623991] [drm] Initialized drm 1.1.0 20060810
[    1.659357] SSE version of gcm_enc/dec engaged.
[    1.664853] Fusion MPT SPI Host driver 3.04.20
[    1.688431] vboxvideo: loading out-of-tree module taints kernel.
[    1.691109] vboxvideo: module verification failed: signature and/or required key missing - tainting kernel
[    1.815102] input: ImExPS/2 Generic Explorer Mouse as /devices/platform/i8042/serio1/input/input4
[    2.009184] e1000 0000:00:03.0 eth0: (PCI:33MHz:32-bit) 02:e9:98:4f:cb:36
[    2.010956] e1000 0000:00:03.0 eth0: Intel(R) PRO/1000 Network Connection
[    2.013405] mptbase: ioc0: Initiating bringup
[    2.014311] e1000 0000:00:03.0 enp0s3: renamed from eth0
[    2.173942] ioc0: LSI53C1030 A0: Capabilities={Initiator}
[    4.556755] scsi host2: ioc0: LSI53C1030 A0, FwRev=00000000h, Ports=1, MaxQ=256, IRQ=20
[    6.687207] scsi 2:0:0:0: Direct-Access     VBOX     HARDDISK         1.0  PQ: 0 ANSI: 5
[    6.694612] scsi target2:0:0: Beginning Domain Validation
[    6.698475] [drm] VRAM 01000000
[    6.701184] [TTM] Zone  kernel: Available graphics memory: 507858 kiB
[    6.704978] [TTM] Initializing pool allocator
[    6.707566] [TTM] Initializing DMA pool allocator
[    6.716061] fbcon: vboxdrmfb (fb0) is primary device
[    6.717717] scsi target2:0:0: Domain Validation skipping write tests
[    6.717720] scsi target2:0:0: Ending Domain Validation
[    6.717903] scsi target2:0:0: asynchronous
[    6.719913] scsi 2:0:1:0: Direct-Access     VBOX     HARDDISK         1.0  PQ: 0 ANSI: 5
[    6.719926] scsi target2:0:1: Beginning Domain Validation
[    6.730396] scsi target2:0:1: Domain Validation skipping write tests
[    6.730397] scsi target2:0:1: Ending Domain Validation
[    6.730567] scsi target2:0:1: asynchronous
[    6.731675] Console: switching to colour frame buffer device 100x37
[    6.743258] vboxvideo 0000:00:02.0: fb0: vboxdrmfb frame buffer device
[    6.752312] sd 2:0:0:0: Attached scsi generic sg0 type 0
[    6.753450] sd 2:0:0:0: [sda] 20971520 512-byte logical blocks: (10.7 GB/10.0 GiB)
[    6.755682] sd 2:0:1:0: Attached scsi generic sg1 type 0
[    6.756665] sd 2:0:1:0: [sdb] 20480 512-byte logical blocks: (10.5 MB/10.0 MiB)
[    6.757393] [drm] Initialized vboxvideo 1.0.0 20130823 for 0000:00:02.0 on minor 0
[    6.759094] sd 2:0:0:0: [sda] Write Protect is off
[    6.759416] sd 2:0:0:0: [sda] Incomplete mode parameter data
[    6.759418] sd 2:0:0:0: [sda] Assuming drive cache: write through
[    6.761351]  sda: sda1
[    6.762377] sd 2:0:0:0: [sda] Attached SCSI disk
[    6.766140] sd 2:0:1:0: [sdb] Write Protect is off
[    6.767940] sd 2:0:1:0: [sdb] Incomplete mode parameter data
[    6.769038] sd 2:0:1:0: [sdb] Assuming drive cache: write through
[    6.782633] sd 2:0:1:0: [sdb] Attached SCSI disk
Begin: Loading essential drivers ... [    7.003456] md: linear personality registered for level -1
[    7.010666] md: multipath personality registered for level -4
[    7.016573] md: raid0 personality registered for level 0
[    7.024057] md: raid1 personality registered for level 1
[    7.097445] raid6: sse2x1   gen()  6694 MB/s
[    7.165493] raid6: sse2x1   xor()  5203 MB/s
[    7.233461] raid6: sse2x2   gen()  7941 MB/s
[    7.301513] raid6: sse2x2   xor()  6513 MB/s
[    7.369574] raid6: sse2x4   gen()  9529 MB/s
[    7.437533] raid6: sse2x4   xor()  7028 MB/s
[    7.438651] raid6: using algorithm sse2x4 gen() 9529 MB/s
[    7.439781] raid6: .... xor() 7028 MB/s, rmw enabled
[    7.440911] raid6: using ssse3x2 recovery algorithm
[    7.444522] xor: measuring software checksum speed
[    7.497588]    prefetch64-sse: 12283.000 MB/sec
[    7.537499]    generic_sse: 10032.000 MB/sec
[    7.538540] xor: using function: prefetch64-sse (12283.000 MB/sec)
[    7.541816] async_tx: api initialized (async)
[    7.558419] md: raid6 personality registered for level 6
[    7.559789] md: raid5 personality registered for level 5
[    7.560862] md: raid4 personality registered for level 4
[    7.573015] md: raid10 personality registered for level 10
done.
Begin: Running /scripts/init-premount ... done.
Begin: Mounting root file system ... Begin: Running /scripts/local-top ... done.
Begin: Running /scripts/local-premount ... [    7.619458] Btrfs loaded
Scanning for Btrfs filesystems
done.
Warning: fsck not present, so skipping root file system
[    7.798854] EXT4-fs (sda1): mounted filesystem with ordered data mode. Opts: (null)
done.
Begin: Running /scripts/local-bottom ... done.
Begin: Running /scripts/init-bottom ... done.
[    8.760028] systemd[1]: systemd 229 running in system mode. (+PAM +AUDIT +SELINUX +IMA +APPARMOR +SMACK +SYSVINIT +UTMP +LIBCRYPTSETUP +GCRYPT +GNUTLS +ACL +XZ -LZ4 +SECCOMP +BLKID +ELFUTILS +KMOD -IDN)
[    8.765592] systemd[1]: Detected virtualization oracle.
[    8.767232] systemd[1]: Detected architecture x86-64.

Welcome to [1mUbuntu 16.04.7 LTS[0m!

[    8.835503] systemd[1]: Set hostname to <ubuntu-xenial>.
[    8.984427] random: nonblocking pool is initialized
[   10.171932] systemd[1]: Started Forward Password Requests to Wall Directory Watch.
[[0;32m  OK  [0m] Started Forward Password Requests to Wall Directory Watch.
[   10.177598] systemd[1]: Started Trigger resolvconf update for networkd DNS.
[[0;32m  OK  [0m] Started Trigger resolvconf update for networkd DNS.
[   10.180147] systemd[1]: Reached target System Time Synchronized.
[[0;32m  OK  [0m] Reached target System Time Synchronized.
[   10.190961] systemd[1]: Listening on udev Kernel Socket.
[[0;32m  OK  [0m] Listening on udev Kernel Socket.
[   10.195385] systemd[1]: Listening on LVM2 metadata daemon socket.
[[0;32m  OK  [0m] Listening on LVM2 metadata daemon socket.
[   10.201575] systemd[1]: Listening on Device-mapper event daemon FIFOs.
[[0;32m  OK  [0m] Listening on Device-mapper event daemon FIFOs.
[   10.209270] systemd[1]: Created slice System Slice.
[[0;32m  OK  [0m] Created slice System Slice.
[   10.212403] systemd[1]: Listening on udev Control Socket.
[[0;32m  OK  [0m] Listening on udev Control Socket.
[   10.214989] systemd[1]: Reached target Encrypted Volumes.
[[0;32m  OK  [0m] Reached target Encrypted Volumes.
[   10.226830] systemd[1]: Created slice User and Session Slice.
[[0;32m  OK  [0m] Created slice User and Session Slice.
[   10.229706] systemd[1]: Reached target Slices.
[[0;32m  OK  [0m] Reached target Slices.
[   10.237813] systemd[1]: Listening on Syslog Socket.
[[0;32m  OK  [0m] Listening on Syslog Socket.
[   10.240728] systemd[1]: Listening on LVM2 poll daemon socket.
[[0;32m  OK  [0m] Listening on LVM2 poll daemon socket.
[   10.249897] systemd[1]: Reached target Swap.
[[0;32m  OK  [0m] Reached target Swap.
[   10.251998] systemd[1]: Listening on Journal Socket (/dev/log).
[[0;32m  OK  [0m] Listening on Journal Socket (/dev/log).
[   10.255342] systemd[1]: Set up automount Arbitrary Executable File Formats File System Automount Point.
[[0;32m  OK  [0m] Set up automount Arbitrary Executab...ats File System Automount Point.
[   10.259889] systemd[1]: Listening on /dev/initctl Compatibility Named Pipe.
[[0;32m  OK  [0m] Listening on /dev/initctl Compatibility Named Pipe.
[   10.269707] systemd[1]: Listening on Journal Audit Socket.
[[0;32m  OK  [0m] Listening on Journal Audit Socket.
[   10.272439] systemd[1]: Created slice system-serial\x2dgetty.slice.
[[0;32m  OK  [0m] Created slice system-serial\x2dgetty.slice.
[   10.275136] systemd[1]: Reached target User and Group Name Lookups.
[[0;32m  OK  [0m] Reached target User and Group Name Lookups.
[   10.277894] systemd[1]: Listening on Journal Socket.
[[0;32m  OK  [0m] Listening on Journal Socket.
[   10.321706] systemd[1]: Starting Remount Root and Kernel File Systems...
         Starting Remount Root and Kernel File Systems...
[   10.326544] systemd[1]: Mounting Debug File System...
         Mounting Debug File System...
[   10.349959] systemd[1]: Starting Load Kernel Modules...
         Starting Load Kernel Modules...
[   10.359350] systemd[1]: Starting Set console keymap...
         Starting Set console keymap...
[   10.364649] systemd[1]: Starting Journal Service...
         Starting Journal Service...
[   10.368558] systemd[1]: Mounting POSIX Message Queue File System...
         Mounting POSIX Message Queue File System...
[   10.374754] systemd[1]: Starting Create list of required static device nodes for the current kernel...
         Starting Create list of required st... nodes for the current kernel...
[   10.380890] systemd[1]: Starting Nameserver information manager...
         Starting Nameserver information manager...
[   10.385498] systemd[1]: Mounting Huge Pages File System...
         Mounting Huge Pages File System...
[   10.391119] systemd[1]: Starting Uncomplicated firewall...
         Starting Uncomplicated firewall...
[   10.398023] systemd[1]: Starting Monitoring of LVM2 mirrors, snapshots etc. using dmeventd or progress polling...
         Starting Monitoring of LVM2 mirrors... dmeventd or progress polling...
[   10.439543] systemd[1]: Started Create list of required static device nodes for the current kernel.
[[0;32m  OK  [0m] Started Create list of required sta...ce nodes for the current kernel.
[   10.457795] systemd[1]: Starting Create Static Device Nodes in /dev...
         Starting Create Static Device Nodes in /dev...
[   10.481687] systemd[1]: Started Uncomplicated firewall.
[[0;32m  OK  [0m] Started Uncomplicated firewall.
[   10.636771] EXT4-fs (sda1): re-mounted. Opts: (null)
[   10.648674] systemd[1]: Mounted POSIX Message Queue File System.
[[0;32m  OK  [0m] Mounted POSIX Message Queue File System.
[   10.660052] systemd[1]: Mounted Huge Pages File System.
[[0;32m  OK  [0m] Mounted Huge Pages File System.
[   10.663698] systemd[1]: Mounted Debug File System.
[[0;32m  OK  [0m] Mounted Debug File System.
[   10.668963] systemd[1]: Started Remount Root and Kernel File Systems.
[[0;32m  OK  [0m] Started Remount Root and Kernel File Systems.
[   10.689008] systemd[1]: Starting Load/Save Random Seed...
         Starting Load/Save Random Seed...
[   10.765942] systemd[1]: Starting udev Coldplug all Devices...
         Starting udev Coldplug all Devices...
[   10.779729] systemd[1]: Started Nameserver information manager.
[[0;32m  OK  [0m] Started Nameserver information manager.
[   10.815249] Loading iSCSI transport class v2.0-870.
[   10.853329] systemd[1]: Started Load/Save Random Seed.
[[0;32m  OK  [0m] Started Load/Save Random Seed.
[   10.868773] systemd[1]: Started Journal Service.
[[0;32m  OK  [0m] Started Journal Service.
         Starting Flush Journal to Persistent Storage...
[[0;32m  OK  [0m] Started Set console keymap.
[   11.011059] iscsi: registered transport (tcp)
[   11.079052] systemd-journald[388]: Received request to flush runtime journal from PID 1
[[0;32m  OK  [0m] Started Flush Journal to Persistent Storage.
[[0;32m  OK  [0m] Started LVM2 metadata daemon.
[[0;32m  OK  [0m] Started udev Coldplug all Devices.
[[0;32m  OK  [0m] Started Create Static Device Nodes in /dev.
[   11.251954] iscsi: registered transport (iser)
         Starting udev Kernel Device Manager...
[[0;32m  OK  [0m] Started Load Kernel Modules.
         Mounting FUSE Control File System...
         Starting Apply Kernel Variables...
[[0;32m  OK  [0m] Mounted FUSE Control File System.
[[0;32m  OK  [0m] Started Apply Kernel Variables.
[[0;32m  OK  [0m] Started Monitoring of LVM2 mirrors,...ng dmeventd or progress polling.
[[0;32m  OK  [0m] Reached target Local File Systems (Pre).
[[0;32m  OK  [0m] Reached target Local File Systems.
         Starting Initial cloud-init job (pre-networking)...
         Starting Create Volatile Files and Directories...
         Starting LSB: AppArmor initialization...
         Starting Set console font and keymap...
         Starting Tell Plymouth To Write Out Runtime Data...
         Mounting /vagrant...
[[0;32m  OK  [0m] Started Tell Plymouth To Write Out Runtime Data.
[[0;32m  OK  [0m] Started udev Kernel Device Manager.
[[0;32m  OK  [0m] Started Dispatch Password Requests to Console Directory Watch.
[[0;32m  OK  [0m] Found device /dev/ttyS0.
[[0;32m  OK  [0m] Listening on Load/Save RF Kill Switch Status /dev/rfkill Watch.
[[0;32m  OK  [0m] Mounted /vagrant.
[[0;32m  OK  [0m] Started Create Volatile Files and Directories.
         Starting Update UTMP about System Boot/Shutdown...
[[0;32m  OK  [0m] Started Update UTMP about System Boot/Shutdown.
[[0;32m  OK  [0m] Started Set console font and keymap.
[[0;32m  OK  [0m] Created slice system-getty.slice.
[[0;32m  OK  [0m] Found device 82540EM Gigabit Ethern...r (PRO/1000 MT Desktop Adapter).
[[0;32m  OK  [0m] Started LSB: AppArmor initialization.
         Starting Load AppArmor profiles managed internally by snapd...
[[0;32m  OK  [0m] Started Load AppArmor profiles managed internally by snapd.
[   17.704129] cloud-init[483]: Cloud-init v. 20.3-2-g371b392c-0ubuntu1~16.04.1 running 'init-local' at Thu, 14 Jan 2021 16:12:32 +0000. Up 16.89 seconds.
[[0;32m  OK  [0m] Started Initial cloud-init job (pre-networking).
[[0;32m  OK  [0m] Reached target Network (Pre).
[[0;32m  OK  [0m] Started ifup for enp0s3.
         Starting Raise network interfaces...
[[0;32m  OK  [0m] Started Raise network interfaces.
[[0;32m  OK  [0m] Reached target Network.
         Starting Initial cloud-init job (metadata service crawler)...
[   19.320899] cloud-init[992]: Cloud-init v. 20.3-2-g371b392c-0ubuntu1~16.04.1 running 'init' at Thu, 14 Jan 2021 16:12:34 +0000. Up 18.61 seconds.
[   19.323388] cloud-init[992]: ci-info: ++++++++++++++++++++++++++++++++++++++Net device info++++++++++++++++++++++++++++++++++++++
[   19.325577] cloud-init[992]: ci-info: +--------+------+----------------------------+---------------+--------+-------------------+
[   19.337015] cloud-init[992]: ci-info: | Device |  Up  |          Address           |      Mask     | Scope  |     Hw-Address    |
[   19.339414] cloud-init[992]: ci-info: +--------+------+----------------------------+---------------+--------+-------------------+
[   19.349028] cloud-init[992]: ci-info: | enp0s3 | True |         10.0.2.15          | 255.255.255.0 | global | 02:e9:98:4f:cb:36 |
[   19.351638] cloud-init[992]: ci-info: | enp0s3 | True | fe80::e9:98ff:fe4f:cb36/64 |       .       |  link  | 02:e9:98:4f:cb:36 |
[   19.354451] cloud-init[992]: ci-info: |   lo   | True |         127.0.0.1          |   255.0.0.0   |  host  |         .         |
[   19.357317] cloud-init[992]: ci-info: |   lo   | True |          ::1/128           |       .       |  host  |         .         |
[   19.361215] cloud-init[992]: ci-info: +--------+------+----------------------------+---------------+--------+-------------------+
[   19.364399] cloud-init[992]: ci-info: +++++++++++++++++++++++++++Route IPv4 info++++++++++++++++++++++++++++
[   19.366809] cloud-init[992]: ci-info: +-------+-------------+----------+---------------+-----------+-------+
[   19.369251] cloud-init[992]: ci-info: | Route | Destination | Gateway  |    Genmask    | Interface | Flags |
[   19.371855] cloud-init[992]: ci-info: +-------+-------------+----------+---------------+-----------+-------+
[   19.374525] cloud-init[992]: ci-info: |   0   |   0.0.0.0   | 10.0.2.2 |    0.0.0.0    |   enp0s3  |   UG  |
[   19.377186] cloud-init[992]: ci-info: |   1   |   10.0.2.0  | 0.0.0.0  | 255.255.255.0 |   enp0s3  |   U   |
[   19.385034] cloud-init[992]: ci-info: +-------+-------------+----------+---------------+-----------+-------+
[   19.387766] cloud-init[992]: ci-info: +++++++++++++++++++Route IPv6 info+++++++++++++++++++
[   19.390797] cloud-init[992]: ci-info: +-------+-------------+---------+-----------+-------+
[   19.393521] cloud-init[992]: ci-info: | Route | Destination | Gateway | Interface | Flags |
[   19.396414] cloud-init[992]: ci-info: +-------+-------------+---------+-----------+-------+
[   19.398689] cloud-init[992]: ci-info: |   0   |  fe80::/64  |    ::   |   enp0s3  |   U   |
[   19.400879] cloud-init[992]: ci-info: |   3   |   ff00::/8  |    ::   |   enp0s3  |   U   |
[   19.403196] cloud-init[992]: ci-info: +-------+-------------+---------+-----------+-------+
[[0;32m  OK  [0m] Started Initial cloud-init job (metadata service crawler).
[[0;32m  OK  [0m] Reached target Cloud-config availability.
[[0;32m  OK  [0m] Reached target System Initialization.
         Starting LXD - unix socket.
[[0;32m  OK  [0m] Started Daily Cleanup of Temporary Directories.
[[0;32m  OK  [0m] Listening on D-Bus System Message Bus Socket.
[[0;32m  OK  [0m] Started ACPI Events Check.
[[0;32m  OK  [0m] Reached target Paths.
         Starting Socket activation for snappy daemon.
[[0;32m  OK  [0m] Started Daily apt download activities.
[[0;32m  OK  [0m] Started Daily apt upgrade and clean activities.
[[0;32m  OK  [0m] Started Message of the Day.
[[0;32m  OK  [0m] Reached target Timers.
[[0;32m  OK  [0m] Listening on ACPID Listen Socket.
[[0;32m  OK  [0m] Listening on UUID daemon activation socket.
[[0;32m  OK  [0m] Reached target Network is Online.
         Starting iSCSI initiator daemon (iscsid)...
[[0;32m  OK  [0m] Listening on LXD - unix socket.
[[0;32m  OK  [0m] Listening on Socket activation for snappy daemon.
[[0;32m  OK  [0m] Reached target Sockets.
[[0;32m  OK  [0m] Reached target Basic System.
         Starting /etc/rc.local Compatibility...
[[0;32m  OK  [0m] Started Deferred execution scheduler.
         Starting Login Service...
         Starting Message of the Day...
         Starting LSB: Record successful boot for GRUB...
         Starting Accounts Service...
[[0;32m  OK  [0m] Started Regular background program processing daemon.
         Starting Snap Daemon...
[[0;32m  OK  [0m] Started D-Bus System Message Bus.
         Starting System Logging Service...
         Starting vboxadd.service...
[[0;32m  OK  [0m] Started ACPI event daemon.
         Starting LSB: MD monitoring daemon...
         Starting OpenBSD Secure Shell server...
[[0;32m  OK  [0m] Started FUSE filesystem for LXC.
         Starting LXD - container startup/shutdown...
[[0;32m  OK  [0m] Started /etc/rc.local Compatibility.
[[0;32m  OK  [0m] Started Message of the Day.
[[0;32m  OK  [0m] Started Login Service.
[[0;32m  OK  [0m] Started Unattended Upgrades Shutdown.
         Starting Authenticate and Authorize Users to Run Privileged Tasks...
[[0;32m  OK  [0m] Started System Logging Service.
[[0;32m  OK  [0m] Started iSCSI initiator daemon (iscsid).
         Starting Login to default iSCSI targets...
[[0;32m  OK  [0m] Started LSB: Record successful boot for GRUB.
[[0;32m  OK  [0m] Started LSB: MD monitoring daemon.
[[0;32m  OK  [0m] Started Authenticate and Authorize Users to Run Privileged Tasks.
[[0;32m  OK  [0m] Started Accounts Service.
[[0;32m  OK  [0m] Started Login to default iSCSI targets.
[[0;32m  OK  [0m] Reached target Remote File Systems (Pre).
[[0;32m  OK  [0m] Reached target Remote File Systems.
         Starting LSB: Set the CPU Frequency Scaling governor to "ondemand"...
         Starting Permit User Sessions...
         Starting LSB: automatic crash report generation...
         Starting LSB: daemon to balance interrupts for SMP systems...
[[0;32m  OK  [0m] Started LSB: Set the CPU Frequency Scaling governor to "ondemand".
[[0;32m  OK  [0m] Started Permit User Sessions.
         Starting Terminate Plymouth Boot Screen...
         Starting Hold until boot process finishes up...
[[0;32m  OK  [0m] Started Hold until boot process finishes up.
[[0;32m  OK  [0m] Started Terminate Plymouth Boot Screen.
[[0;32m  OK  [0m] Started Getty on tty1.
[[0;32m  OK  [0m] Started Serial Getty on ttyS0.
[[0;32m  OK  [0m] Reached target Login Prompts.
         Starting Set console scheme...
[[0;32m  OK  [0m] Started Set console scheme.
[[0;32m  OK  [0m] Started LSB: daemon to balance interrupts for SMP systems.
[[0;32m  OK  [0m] Started LSB: automatic crash report generation.
[[0;32m  OK  [0m] Started OpenBSD Secure Shell server.
[[0;32m  OK  [0m] Created slice User Slice of vagrant.
         Starting User Manager for UID 1000...
[[0;32m  OK  [0m] Started Session 1 of user vagrant.
[[0;32m  OK  [0m] Started User Manager for UID 1000.
[[0;32m  OK  [0m] Started Snap Daemon.
         Starting Wait until snapd is fully seeded...
[[0;32m  OK  [0m] Started Wait until snapd is fully seeded.
         Starting Apply the settings specified in cloud-config...
[[0;32m  OK  [0m] Started LXD - container startup/shutdown.
[   25.339707] cloud-init[1276]: Cloud-init v. 20.3-2-g371b392c-0ubuntu1~16.04.1 running 'modules:config' at Thu, 14 Jan 2021 16:12:40 +0000. Up 25.01 seconds.
[[0;32m  OK  [0m] Started Apply the settings specified in cloud-config.

Ubuntu 16.04.7 LTS ubuntu-xenial ttyS0

ubuntu-xenial login: [   32.367632] cloud-init[1665]: Cloud-init v. 20.3-2-g371b392c-0ubuntu1~16.04.1 running 'modules:final' at Thu, 14 Jan 2021 16:12:47 +0000. Up 32.08 seconds.
[   32.368369] cloud-init[1665]: Cloud-init v. 20.3-2-g371b392c-0ubuntu1~16.04.1 finished at Thu, 14 Jan 2021 16:12:47 +0000. Datasource DataSourceNoCloud [seed=/dev/sdb][dsmode=net].  Up 32.34 seconds
[[0;32m  OK  [0m] Started ACPI event daemon.
[[0;32m  OK  [0m] Started ACPI event daemon.
         Starting Accounts Service...
[[0;32m  OK  [0m] Started Accounts Service.
[[0;32m  OK  [0m] Closed Unix socket for apport crash forwarding.
[[0;32m  OK  [0m] Started ACPI event daemon.
         Stopping LSB: automatic crash report generation...
[[0;32m  OK  [0m] Stopped LSB: automatic crash report generation.
[[0;32m  OK  [0m] Started ACPI event daemon.
[[0;32m  OK  [0m] Started ACPI event daemon.
[[0;32m  OK  [0m] Started ACPI event daemon.
[[0;32m  OK  [0m] Started ACPI event daemon.
[[0;32m  OK  [0m] Started ACPI event daemon.
         Starting LSB: automatic crash report generation...
[[0;32m  OK  [0m] Started LSB: automatic crash report generation.
[[0;32m  OK  [0m] Started ACPI event daemon.
[[0;32m  OK  [0m] Stopped Daily apt upgrade and clean activities.
[[0;32m  OK  [0m] Stopped Daily apt download activities.
[[0;32m  OK  [0m] Started ACPI event daemon.
[[0;32m  OK  [0m] Started ACPI event daemon.
[[0;32m  OK  [0m] Started Daily apt upgrade and clean activities.
[[0;32m  OK  [0m] Started Daily apt download activities.
[[0;32m  OK  [0m] Started Daily apt upgrade and clean activities.
